This is LuaHBTeX, Version 1.18.0 (TeX Live 2025/dev/Debian)  (format=lualatex 2026.5.1)  2 MAY 2026 00:10
 restricted system commands enabled.
**book_template.tex
(./book_template.tex
LaTeX2e <2024-11-01> patch level 2
L3 programming layer <2025-01-18>
[\directlua]:1: module 'luaotfload-main' not found:
	no field package.preload['luaotfload-main']
	[kpse lua searcher] file not found: 'luaotfload-main'
Error in luaotfload: reverting to OT1
Inserting `tracingstacklevels' in `input_level_string'.
(/usr/share/texlive/texmf-dist/tex/latex/base/book.cls
Document Class: book 2024/06/29 v1.4n Standard LaTeX document class
(/usr/share/texlive/texmf-dist/tex/latex/base/bk12.clo
File: bk12.clo 2024/06/29 v1.4n Standard LaTeX file (size option)
LaTeX Font Info:    Trying to load font information for OT1+lmr on input line 5
4.
LaTeX Font Info:    No file OT1lmr.fd. on input line 54.


LaTeX Font Warning: Font shape `OT1/lmr/m/n' undefined
(Font)              using `OT1/cmr/m/n' instead on input line 54.

)
\c@part=\count194
\c@chapter=\count195
\c@section=\count196
\c@subsection=\count197
\c@subsubsection=\count198
\c@paragraph=\count199
\c@subparagraph=\count266
\c@figure=\count267
\c@table=\count268
\abovecaptionskip=\skip49
\belowcaptionskip=\skip50
\bibindent=\dimen140
) (/usr/share/texlive/texmf-dist/tex/latex/pdfpages/pdfpages.sty
Package: pdfpages 2025/01/30 v0.6e Insert pages of external PDF documents (AM)

(/usr/share/texlive/texmf-dist/tex/latex/base/ifthen.sty
Package: ifthen 2024/03/16 v1.1e Standard LaTeX ifthen package (DPC)
)
(/usr/share/texlive/texmf-dist/tex/latex/tools/calc.sty
Package: calc 2023/07/08 v4.3 Infix arithmetic (KKT,FJ)
\calc@Acount=\count269
\calc@Bcount=\count270
\calc@Adimen=\dimen141
\calc@Bdimen=\dimen142
\calc@Askip=\skip51
\calc@Bskip=\skip52
LaTeX Info: Redefining \setlength on input line 80.
LaTeX Info: Redefining \addtolength on input line 81.
\calc@Ccount=\count271
\calc@Cskip=\skip53
)
(/usr/share/texlive/texmf-dist/tex/latex/eso-pic/eso-pic.sty
Package: eso-pic 2023/05/03 v3.0c eso-pic (RN)
\ESO@tempdima=\dimen143
\ESO@tempdimb=\dimen144

(/usr/share/texlive/texmf-dist/tex/latex/graphics/keyval.sty
Package: keyval 2022/05/29 v1.15 key=value parser (DPC)
\KV@toks@=\toks17
)
(/usr/share/texlive/texmf-dist/tex/latex/xcolor/xcolor.sty
Package: xcolor 2024/09/29 v3.02 LaTeX color extensions (UK)

(/usr/share/texlive/texmf-dist/tex/latex/graphics-cfg/color.cfg
File: color.cfg 2016/01/02 v1.6 sample color configuration
)
Package xcolor Info: Driver file: luatex.def on input line 274.

(/usr/share/texlive/texmf-dist/tex/latex/graphics-def/luatex.def
File: luatex.def 2024/04/13 v1.2e Graphics/color driver for luatex
)
(/usr/share/texlive/texmf-dist/tex/latex/graphics/mathcolor.ltx)
Package xcolor Info: Model `cmy' substituted by `cmy0' on input line 1349.
Package xcolor Info: Model `hsb' substituted by `rgb' on input line 1353.
Package xcolor Info: Model `RGB' extended on input line 1365.
Package xcolor Info: Model `HTML' substituted by `rgb' on input line 1367.
Package xcolor Info: Model `Hsb' substituted by `hsb' on input line 1368.
Package xcolor Info: Model `tHsb' substituted by `hsb' on input line 1369.
Package xcolor Info: Model `HSB' substituted by `hsb' on input line 1370.
Package xcolor Info: Model `Gray' substituted by `gray' on input line 1371.
Package xcolor Info: Model `wave' substituted by `hsb' on input line 1372.
))
(/usr/share/texlive/texmf-dist/tex/latex/etoolbox/etoolbox.sty
Package: etoolbox 2025/02/11 v2.5l e-TeX tools for LaTeX (JAW)
\etb@tempcnta=\count272
)
(/usr/share/texlive/texmf-dist/tex/latex/graphics/graphicx.sty
Package: graphicx 2021/09/16 v1.2d Enhanced LaTeX Graphics (DPC,SPQR)

(/usr/share/texlive/texmf-dist/tex/latex/graphics/graphics.sty
Package: graphics 2024/08/06 v1.4g Standard LaTeX Graphics (DPC,SPQR)

(/usr/share/texlive/texmf-dist/tex/latex/graphics/trig.sty
Package: trig 2023/12/02 v1.11 sin cos tan (DPC)
)
(/usr/share/texlive/texmf-dist/tex/latex/graphics-cfg/graphics.cfg
File: graphics.cfg 2016/06/04 v1.11 sample graphics configuration
)
Package graphics Info: Driver file: luatex.def on input line 106.
)
\Gin@req@height=\dimen145
\Gin@req@width=\dimen146
)
\AM@pagewidth=\dimen147
\AM@pageheight=\dimen148
\AM@fboxrule=\dimen149

(/usr/share/texlive/texmf-dist/tex/latex/pdfpages/ppluatex.def
File: ppluatex.def 2025/01/30 v0.6e Pdfpages driver for LuaTeX (AM)
)
\pdfpages@includegraphics@status=\count273
\AM@pagebox=\box52
\AM@global@opts=\toks18
\AM@pagecnt=\count274
\AM@toc@title=\toks19
\AM@lof@heading=\toks20
\c@AM@survey=\count275
\AM@templatesizebox=\box53
)
(/usr/share/texlive/texmf-dist/tex/latex/comment/comment.sty
\CommentStream=\write3

Excluding comment 'comment') Excluding comment 'htmlonly'
(/usr/share/texlive/texmf-dist/tex/latex/l3backend/l3backend-luatex.def
File: l3backend-luatex.def 2024-05-08 L3 backend support: PDF output (LuaTeX)
\l__color_backend_stack_int=\count276
\l__pdf_internal_box=\box54
)
(./book_template.aux)
\openout1 = book_template.aux

LaTeX Font Info:    Checking defaults for OML/cmm/m/it on input line 6.
LaTeX Font Info:    ... okay on input line 6.
LaTeX Font Info:    Checking defaults for OMS/cmsy/m/n on input line 6.
LaTeX Font Info:    ... okay on input line 6.
LaTeX Font Info:    Checking defaults for OT1/cmr/m/n on input line 6.
LaTeX Font Info:    ... okay on input line 6.
LaTeX Font Info:    Checking defaults for T1/cmr/m/n on input line 6.
LaTeX Font Info:    ... okay on input line 6.
LaTeX Font Info:    Checking defaults for TS1/cmr/m/n on input line 6.
LaTeX Font Info:    ... okay on input line 6.
LaTeX Font Info:    Checking defaults for TU/lmr/m/n on input line 6.
LaTeX Font Info:    ... okay on input line 6.
LaTeX Font Info:    Checking defaults for OMX/cmex/m/n on input line 6.
LaTeX Font Info:    ... okay on input line 6.
LaTeX Font Info:    Checking defaults for U/cmr/m/n on input line 6.
LaTeX Font Info:    ... okay on input line 6.

(/usr/share/texlive/texmf-dist/tex/context/base/mkii/supp-pdf.mkii
[Loading MPS to PDF converter (version 2006.09.02).]
\scratchcounter=\count277
\scratchdimen=\dimen150
\scratchbox=\box55
\nofMPsegments=\count278
\nofMParguments=\count279
\everyMPshowfont=\toks21
\MPscratchCnt=\count280
\MPscratchDim=\dimen151
\MPnumerator=\count281
\makeMPintoPDFobject=\count282
\everyMPtoPDFconversion=\toks22
) (/usr/share/texlive/texmf-dist/tex/latex/epstopdf-pkg/epstopdf-base.sty
Package: epstopdf-base 2020-01-24 v2.11 Base part for package epstopdf
Package epstopdf-base Info: Redefining graphics rule for `.eps' on input line 4
85.

(/usr/share/texlive/texmf-dist/tex/latex/latexconfig/epstopdf-sys.cfg
File: epstopdf-sys.cfg 2010/07/13 v1.3 Configuration of (r)epstopdf for TeX Liv
e
))
(/usr/share/texlive/texmf-dist/tex/latex/pdflscape/pdflscape.sty
Package: pdflscape 2022-10-27 v0.13 Display of landscape pages in PDF

(/usr/share/texlive/texmf-dist/tex/latex/pdflscape/pdflscape-nometadata.sty
Package: pdflscape-nometadata 2022-10-28 v0.13 Display of landscape pages in PD
F (HO)

(/usr/share/texlive/texmf-dist/tex/generic/iftex/iftex.sty
Package: iftex 2024/12/12 v1.0g TeX engine tests
)
(/usr/share/texlive/texmf-dist/tex/latex/graphics/lscape.sty
Package: lscape 2020/05/28 v3.02 Landscape Pages (DPC)
)
Package pdflscape Info: Auto-detected driver: pdftex on input line 81.
))
<games.pdf, id=1, 598.235pt x 845.1575pt>
File: games.pdf Graphic file (type pdf)
<use games.pdf>
Package luatex.def Info: games.pdf  used on input line 7.
(luatex.def)             Requested size: 598.23354pt x 845.15544pt.
<games.pdf, id=3, page=1, 598.235pt x 845.1575pt>
File: games.pdf Graphic file (type pdf)
<use games.pdf, page 1>
Package luatex.def Info: games.pdf , page1 used on input line 7.
(luatex.def)             Requested size: 598.23354pt x 845.15544pt.
File: games.pdf Graphic file (type pdf)
<use games.pdf, page 1>
Package luatex.def Info: games.pdf , page1 used on input line 7.
(luatex.def)             Requested size: 562.80652pt x 795.10587pt.
File: games.pdf Graphic file (type pdf)
<use games.pdf, page 1>
Package luatex.def Info: games.pdf , page1 used on input line 7.
(luatex.def)             Requested size: 562.80652pt x 795.10587pt.
File: games.pdf Graphic file (type pdf)
<use games.pdf, page 1>
Package luatex.def Info: games.pdf , page1 used on input line 7.
(luatex.def)             Requested size: 562.80652pt x 795.10587pt.


File: games.pdf Graphic file (type pdf)
<use games.pdf, page 1>
Package luatex.def Info: games.pdf , page1 used on input line 7.
(luatex.def)             Requested size: 562.80652pt x 795.10587pt.
[1


<./games.pdf>]

LaTeX Font Warning: Font shape `TS1/lmr/m/n' undefined
(Font)              using `TS1/cmr/m/n' instead
(Font)              for symbol `textcopyright' on input line 9.




LaTeX Font Warning: Font shape `OT1/lmr/m/sl' undefined
(Font)              using `OT1/lmr/m/n' instead on input line 11.

[2{/var/lib/texmf/fonts/map/pdftex/updmap/pdftex.map}]

LaTeX Font Warning: Font shape `OT1/lmr/bx/n' undefined
(Font)              using `OT1/lmr/m/n' instead on input line 11.

(./book_template.toc)
\tf@toc=\write4

\openout4 = book_template.toc


[3

]

[4

]
Chapter 1.
Excluding 'htmlonly' comment.
<three-story.pdf, id=27, 614.295pt x 794.97pt>
File: three-story.pdf Graphic file (type pdf)
<use three-story.pdf>
Package luatex.def Info: three-story.pdf  used on input line 19.
(luatex.def)             Requested size: 614.29349pt x 794.96806pt.
<three-story.pdf, id=29, page=1, 614.295pt x 794.97pt>
File: three-story.pdf Graphic file (type pdf)
<use three-story.pdf, page 1>
Package luatex.def Info: three-story.pdf , page1 used on input line 19.
(luatex.def)             Requested size: 614.29349pt x 794.96806pt.
File: three-story.pdf Graphic file (type pdf)
<use three-story.pdf, page 1>
Package luatex.def Info: three-story.pdf , page1 used on input line 19.
(luatex.def)             Requested size: 614.58406pt x 795.3441pt.


[5]
File: three-story.pdf Graphic file (type pdf)
<use three-story.pdf, page 1>
Package luatex.def Info: three-story.pdf , page1 used on input line 19.
(luatex.def)             Requested size: 614.58406pt x 795.3441pt.
File: three-story.pdf Graphic file (type pdf)
<use three-story.pdf, page 1>
Package luatex.def Info: three-story.pdf , page1 used on input line 19.
(luatex.def)             Requested size: 614.58406pt x 795.3441pt.


File: three-story.pdf Graphic file (type pdf)
<use three-story.pdf, page 1>
Package luatex.def Info: three-story.pdf , page1 used on input line 19.
(luatex.def)             Requested size: 614.58406pt x 795.3441pt.
[6

<./three-story.pdf>]
<cards-emental-physical.pdf, id=48, 794.97pt x 614.295pt>
File: cards-emental-physical.pdf Graphic file (type pdf)
<use cards-emental-physical.pdf>
Package luatex.def Info: cards-emental-physical.pdf  used on input line 20.
(luatex.def)             Requested size: 794.96806pt x 614.29349pt.
<cards-emental-physical.pdf, id=50, page=1, 794.97pt x 614.295pt>
File: cards-emental-physical.pdf Graphic file (type pdf)
<use cards-emental-physical.pdf, page 1>
Package luatex.def Info: cards-emental-physical.pdf , page1 used on input line 
20.
(luatex.def)             Requested size: 794.96806pt x 614.29349pt.
File: cards-emental-physical.pdf Graphic file (type pdf)
<use cards-emental-physical.pdf, page 1>
Package luatex.def Info: cards-emental-physical.pdf , page1 used on input line 
20.
(luatex.def)             Requested size: 615.04005pt x 475.25821pt.
File: cards-emental-physical.pdf Graphic file (type pdf)
<use cards-emental-physical.pdf, page 1>
Package luatex.def Info: cards-emental-physical.pdf , page1 used on input line 
20.
(luatex.def)             Requested size: 615.04005pt x 475.25821pt.
File: cards-emental-physical.pdf Graphic file (type pdf)
<use cards-emental-physical.pdf, page 1>
Package luatex.def Info: cards-emental-physical.pdf , page1 used on input line 
20.
(luatex.def)             Requested size: 615.04005pt x 475.25821pt.


File: cards-emental-physical.pdf Graphic file (type pdf)
<use cards-emental-physical.pdf, page 1>
Package luatex.def Info: cards-emental-physical.pdf , page1 used on input line 
20.
(luatex.def)             Requested size: 615.04005pt x 475.25821pt.
[7

<./cards-emental-physical.pdf>]
<cards-spiritual.pdf, id=60, 794.97pt x 614.295pt>
File: cards-spiritual.pdf Graphic file (type pdf)
<use cards-spiritual.pdf>
Package luatex.def Info: cards-spiritual.pdf  used on input line 21.
(luatex.def)             Requested size: 794.96806pt x 614.29349pt.
<cards-spiritual.pdf, id=62, page=1, 794.97pt x 614.295pt>
File: cards-spiritual.pdf Graphic file (type pdf)
<use cards-spiritual.pdf, page 1>
Package luatex.def Info: cards-spiritual.pdf , page1 used on input line 21.
(luatex.def)             Requested size: 794.96806pt x 614.29349pt.
File: cards-spiritual.pdf Graphic file (type pdf)
<use cards-spiritual.pdf, page 1>
Package luatex.def Info: cards-spiritual.pdf , page1 used on input line 21.
(luatex.def)             Requested size: 615.04005pt x 475.25821pt.
File: cards-spiritual.pdf Graphic file (type pdf)
<use cards-spiritual.pdf, page 1>
Package luatex.def Info: cards-spiritual.pdf , page1 used on input line 21.
(luatex.def)             Requested size: 615.04005pt x 475.25821pt.
File: cards-spiritual.pdf Graphic file (type pdf)
<use cards-spiritual.pdf, page 1>
Package luatex.def Info: cards-spiritual.pdf , page1 used on input line 21.
(luatex.def)             Requested size: 615.04005pt x 475.25821pt.


File: cards-spiritual.pdf Graphic file (type pdf)
<use cards-spiritual.pdf, page 1>
Package luatex.def Info: cards-spiritual.pdf , page1 used on input line 21.
(luatex.def)             Requested size: 615.04005pt x 475.25821pt.
[8

<./cards-spiritual.pdf>]
<four-story.pdf, id=303, 614.295pt x 794.97pt>
File: four-story.pdf Graphic file (type pdf)
<use four-story.pdf>
Package luatex.def Info: four-story.pdf  used on input line 22.
(luatex.def)             Requested size: 614.29349pt x 794.96806pt.
<four-story.pdf, id=305, page=1, 614.295pt x 794.97pt>
File: four-story.pdf Graphic file (type pdf)
<use four-story.pdf, page 1>
Package luatex.def Info: four-story.pdf , page1 used on input line 22.
(luatex.def)             Requested size: 614.29349pt x 794.96806pt.
File: four-story.pdf Graphic file (type pdf)
<use four-story.pdf, page 1>
Package luatex.def Info: four-story.pdf , page1 used on input line 22.
(luatex.def)             Requested size: 614.58406pt x 795.3441pt.
File: four-story.pdf Graphic file (type pdf)
<use four-story.pdf, page 1>
Package luatex.def Info: four-story.pdf , page1 used on input line 22.
(luatex.def)             Requested size: 614.58406pt x 795.3441pt.
File: four-story.pdf Graphic file (type pdf)
<use four-story.pdf, page 1>
Package luatex.def Info: four-story.pdf , page1 used on input line 22.
(luatex.def)             Requested size: 614.58406pt x 795.3441pt.


File: four-story.pdf Graphic file (type pdf)
<use four-story.pdf, page 1>
Package luatex.def Info: four-story.pdf , page1 used on input line 22.
(luatex.def)             Requested size: 614.58406pt x 795.3441pt.
[9

<./four-story.pdf>] Excluding 'htmlonly' comment. (./book_template.aux)
 ***********
LaTeX2e <2024-11-01> patch level 2
L3 programming layer <2025-01-18>
 ***********


LaTeX Font Warning: Some font shapes were not available, defaults substituted.

)

Here is how much of LuaTeX's memory you used:
 3333 strings out of 475539
 100000,662416 words of node,token memory allocated
 383 words of node memory still in use:
   3 hlist, 1 vlist, 1 rule, 2 glue, 51 glue_spec, 1 write nodes
   avail lists: 2:28,3:24,4:10,5:41,6:8,7:376,9:96,10:1,11:32
 26224 multiletter control sequences out of 65536+600000
 21 fonts using 880743 bytes
 72i,17n,75p,242b,474s stack positions out of 10000i,1000n,20000p,200000b,200000s
<</home/amnesia/.texlive2025/texmf-var/fonts/pk/ljfour/jknappen/ec/tcrm1200.600p
k>></usr/share/texlive/texmf-dist/fonts/type1/public/amsfonts/cm/cmr12.pfb></usr
/share/texlive/texmf-dist/fonts/type1/public/amsfonts/cm/cmr17.pfb>
Output written on book_template.pdf (9 pages, 1104354 bytes).

PDF statistics: 327 PDF objects out of 1000 (max. 8388607)
 198 compressed objects within 2 object streams
 0 named destinations out of 1000 (max. 131072)
 1 words of extra memory for PDF output out of 10000 (max. 100000000)

