This is pdfTeX, Version 3.141592653-2.6-1.40.26 (TeX Live 2025/dev/Debian) (preloaded format=pdflatex 2026.5.3)  4 MAY 2026 03:21
entering extended mode
 restricted \write18 enabled.
 %&-line parsing enabled.
**chaps.tex
(./chaps.tex
LaTeX2e <2024-11-01> patch level 2
L3 programming layer <2025-01-18>
(/usr/share/texlive/texmf-dist/tex/latex/base/book.cls
Document Class: book 2024/06/29 v1.4n Standard LaTeX document class
(/usr/share/texlive/texmf-dist/tex/latex/base/bk12.clo
File: bk12.clo 2024/06/29 v1.4n Standard LaTeX file (size option)
)
\c@part=\count196
\c@chapter=\count197
\c@section=\count198
\c@subsection=\count199
\c@subsubsection=\count266
\c@paragraph=\count267
\c@subparagraph=\count268
\c@figure=\count269
\c@table=\count270
\abovecaptionskip=\skip49
\belowcaptionskip=\skip50
\bibindent=\dimen141
)
(/usr/share/texlive/texmf-dist/tex/latex/pdfpages/pdfpages.sty
Package: pdfpages 2025/01/30 v0.6e Insert pages of external PDF documents (AM)

(/usr/share/texlive/texmf-dist/tex/latex/base/ifthen.sty
Package: ifthen 2024/03/16 v1.1e Standard LaTeX ifthen package (DPC)
)
(/usr/share/texlive/texmf-dist/tex/latex/tools/calc.sty
Package: calc 2023/07/08 v4.3 Infix arithmetic (KKT,FJ)
\calc@Acount=\count271
\calc@Bcount=\count272
\calc@Adimen=\dimen142
\calc@Bdimen=\dimen143
\calc@Askip=\skip51
\calc@Bskip=\skip52
LaTeX Info: Redefining \setlength on input line 80.
LaTeX Info: Redefining \addtolength on input line 81.
\calc@Ccount=\count273
\calc@Cskip=\skip53
)
(/usr/share/texlive/texmf-dist/tex/latex/eso-pic/eso-pic.sty
Package: eso-pic 2023/05/03 v3.0c eso-pic (RN)
\ESO@tempdima=\dimen144
\ESO@tempdimb=\dimen145

(/usr/share/texlive/texmf-dist/tex/latex/graphics/keyval.sty
Package: keyval 2022/05/29 v1.15 key=value parser (DPC)
\KV@toks@=\toks17
)
(/usr/share/texlive/texmf-dist/tex/latex/xcolor/xcolor.sty
Package: xcolor 2024/09/29 v3.02 LaTeX color extensions (UK)

(/usr/share/texlive/texmf-dist/tex/latex/graphics-cfg/color.cfg
File: color.cfg 2016/01/02 v1.6 sample color configuration
)
Package xcolor Info: Driver file: pdftex.def on input line 274.

(/usr/share/texlive/texmf-dist/tex/latex/graphics-def/pdftex.def
File: pdftex.def 2024/04/13 v1.2c Graphics/color driver for pdftex
)
(/usr/share/texlive/texmf-dist/tex/latex/graphics/mathcolor.ltx)
Package xcolor Info: Model `cmy' substituted by `cmy0' on input line 1349.
Package xcolor Info: Model `hsb' substituted by `rgb' on input line 1353.
Package xcolor Info: Model `RGB' extended on input line 1365.
Package xcolor Info: Model `HTML' substituted by `rgb' on input line 1367.
Package xcolor Info: Model `Hsb' substituted by `hsb' on input line 1368.
Package xcolor Info: Model `tHsb' substituted by `hsb' on input line 1369.
Package xcolor Info: Model `HSB' substituted by `hsb' on input line 1370.
Package xcolor Info: Model `Gray' substituted by `gray' on input line 1371.
Package xcolor Info: Model `wave' substituted by `hsb' on input line 1372.
))
(/usr/share/texlive/texmf-dist/tex/latex/etoolbox/etoolbox.sty
Package: etoolbox 2025/02/11 v2.5l e-TeX tools for LaTeX (JAW)
\etb@tempcnta=\count274
)
(/usr/share/texlive/texmf-dist/tex/latex/graphics/graphicx.sty
Package: graphicx 2021/09/16 v1.2d Enhanced LaTeX Graphics (DPC,SPQR)

(/usr/share/texlive/texmf-dist/tex/latex/graphics/graphics.sty
Package: graphics 2024/08/06 v1.4g Standard LaTeX Graphics (DPC,SPQR)

(/usr/share/texlive/texmf-dist/tex/latex/graphics/trig.sty
Package: trig 2023/12/02 v1.11 sin cos tan (DPC)
)
(/usr/share/texlive/texmf-dist/tex/latex/graphics-cfg/graphics.cfg
File: graphics.cfg 2016/06/04 v1.11 sample graphics configuration
)
Package graphics Info: Driver file: pdftex.def on input line 106.
)
\Gin@req@height=\dimen146
\Gin@req@width=\dimen147
)
\AM@pagewidth=\dimen148
\AM@pageheight=\dimen149
\AM@fboxrule=\dimen150

(/usr/share/texlive/texmf-dist/tex/latex/pdfpages/pppdftex.def
File: pppdftex.def 2025/01/30 v0.6e Pdfpages driver for pdfTeX (AM)
)
\pdfpages@includegraphics@status=\count275
\AM@pagebox=\box52
\AM@global@opts=\toks18
\AM@pagecnt=\count276
\AM@toc@title=\toks19
\AM@lof@heading=\toks20
\c@AM@survey=\count277
\AM@templatesizebox=\box53
)
(/usr/share/texlive/texmf-dist/tex/latex/comment/comment.sty
\CommentStream=\write3

Excluding comment 'comment') Excluding comment 'htmlonly'
(/usr/share/texlive/texmf-dist/tex/latex/l3backend/l3backend-pdftex.def
File: l3backend-pdftex.def 2024-05-08 L3 backend support: PDF output (pdfTeX)
\l__color_backend_stack_int=\count278
\l__pdf_internal_box=\box54
)
(./chaps.aux)
\openout1 = `chaps.aux'.

LaTeX Font Info:    Checking defaults for OML/cmm/m/it on input line 6.
LaTeX Font Info:    ... okay on input line 6.
LaTeX Font Info:    Checking defaults for OMS/cmsy/m/n on input line 6.
LaTeX Font Info:    ... okay on input line 6.
LaTeX Font Info:    Checking defaults for OT1/cmr/m/n on input line 6.
LaTeX Font Info:    ... okay on input line 6.
LaTeX Font Info:    Checking defaults for T1/cmr/m/n on input line 6.
LaTeX Font Info:    ... okay on input line 6.
LaTeX Font Info:    Checking defaults for TS1/cmr/m/n on input line 6.
LaTeX Font Info:    ... okay on input line 6.
LaTeX Font Info:    Checking defaults for OMX/cmex/m/n on input line 6.
LaTeX Font Info:    ... okay on input line 6.
LaTeX Font Info:    Checking defaults for U/cmr/m/n on input line 6.
LaTeX Font Info:    ... okay on input line 6.

(/usr/share/texlive/texmf-dist/tex/context/base/mkii/supp-pdf.mkii
[Loading MPS to PDF converter (version 2006.09.02).]
\scratchcounter=\count279
\scratchdimen=\dimen151
\scratchbox=\box55
\nofMPsegments=\count280
\nofMParguments=\count281
\everyMPshowfont=\toks21
\MPscratchCnt=\count282
\MPscratchDim=\dimen152
\MPnumerator=\count283
\makeMPintoPDFobject=\count284
\everyMPtoPDFconversion=\toks22
) (/usr/share/texlive/texmf-dist/tex/latex/epstopdf-pkg/epstopdf-base.sty
Package: epstopdf-base 2020-01-24 v2.11 Base part for package epstopdf
Package epstopdf-base Info: Redefining graphics rule for `.eps' on input line 4
85.

(/usr/share/texlive/texmf-dist/tex/latex/latexconfig/epstopdf-sys.cfg
File: epstopdf-sys.cfg 2010/07/13 v1.3 Configuration of (r)epstopdf for TeX Liv
e
))
(/usr/share/texlive/texmf-dist/tex/latex/pdflscape/pdflscape.sty
Package: pdflscape 2022-10-27 v0.13 Display of landscape pages in PDF

(/usr/share/texlive/texmf-dist/tex/latex/pdflscape/pdflscape-nometadata.sty
Package: pdflscape-nometadata 2022-10-28 v0.13 Display of landscape pages in PD
F (HO)

(/usr/share/texlive/texmf-dist/tex/generic/iftex/iftex.sty
Package: iftex 2024/12/12 v1.0g TeX engine tests
)
(/usr/share/texlive/texmf-dist/tex/latex/graphics/lscape.sty
Package: lscape 2020/05/28 v3.02 Landscape Pages (DPC)
)
Package pdflscape Info: Auto-detected driver: pdftex on input line 81.
))
<games.pdf, id=1, 598.235pt x 845.1575pt>
File: games.pdf Graphic file (type pdf)
<use games.pdf>
Package pdftex.def Info: games.pdf  used on input line 7.
(pdftex.def)             Requested size: 598.23354pt x 845.15544pt.
<games.pdf, id=3, page=1, 598.235pt x 845.1575pt>
File: games.pdf Graphic file (type pdf)
<use games.pdf, page 1>
Package pdftex.def Info: games.pdf , page1 used on input line 7.
(pdftex.def)             Requested size: 598.23354pt x 845.15544pt.
File: games.pdf Graphic file (type pdf)
<use games.pdf, page 1>
Package pdftex.def Info: games.pdf , page1 used on input line 7.
(pdftex.def)             Requested size: 562.80652pt x 795.10587pt.
File: games.pdf Graphic file (type pdf)
<use games.pdf, page 1>
Package pdftex.def Info: games.pdf , page1 used on input line 7.
(pdftex.def)             Requested size: 562.80652pt x 795.10587pt.
File: games.pdf Graphic file (type pdf)
<use games.pdf, page 1>
Package pdftex.def Info: games.pdf , page1 used on input line 7.
(pdftex.def)             Requested size: 562.80652pt x 795.10587pt.


File: games.pdf Graphic file (type pdf)
<use games.pdf, page 1>
Package pdftex.def Info: games.pdf , page1 used on input line 7.
(pdftex.def)             Requested size: 562.80652pt x 795.10587pt.
[1


 <./games.pdf{/var/lib/texmf/fonts/map/pdftex/updmap/pdftex.map}>]

[2] (./chaps.toc
LaTeX Font Info:    External font `cmex10' loaded for size
(Font)              <12> on input line 8.
LaTeX Font Info:    External font `cmex10' loaded for size
(Font)              <8> on input line 8.
LaTeX Font Info:    External font `cmex10' loaded for size
(Font)              <6> on input line 8.


[3

])
\tf@toc=\write4
\openout4 = `chaps.toc'.



[4]
Chapter 1.


[5

]

[6

]
Chapter 2.


[7]

[8]
Chapter 3.


[9

]

[10]
Chapter 4.


[11

]
<three-story.pdf, id=52, 614.295pt x 794.97pt>
File: three-story.pdf Graphic file (type pdf)
<use three-story.pdf>
Package pdftex.def Info: three-story.pdf  used on input line 69.
(pdftex.def)             Requested size: 614.29349pt x 794.96806pt.
<three-story.pdf, id=54, page=1, 614.295pt x 794.97pt>
File: three-story.pdf Graphic file (type pdf)
<use three-story.pdf, page 1>
Package pdftex.def Info: three-story.pdf , page1 used on input line 69.
(pdftex.def)             Requested size: 614.29349pt x 794.96806pt.
File: three-story.pdf Graphic file (type pdf)
<use three-story.pdf, page 1>
Package pdftex.def Info: three-story.pdf , page1 used on input line 69.
(pdftex.def)             Requested size: 614.58406pt x 795.3441pt.


[12]
File: three-story.pdf Graphic file (type pdf)
<use three-story.pdf, page 1>
Package pdftex.def Info: three-story.pdf , page1 used on input line 69.
(pdftex.def)             Requested size: 614.58406pt x 795.3441pt.
File: three-story.pdf Graphic file (type pdf)
<use three-story.pdf, page 1>
Package pdftex.def Info: three-story.pdf , page1 used on input line 69.
(pdftex.def)             Requested size: 614.58406pt x 795.3441pt.


File: three-story.pdf Graphic file (type pdf)
<use three-story.pdf, page 1>
Package pdftex.def Info: three-story.pdf , page1 used on input line 69.
(pdftex.def)             Requested size: 614.58406pt x 795.3441pt.
[13

 <./three-story.pdf>]
<cards-emental-physical.pdf, id=76, 794.97pt x 614.295pt>
File: cards-emental-physical.pdf Graphic file (type pdf)
<use cards-emental-physical.pdf>
Package pdftex.def Info: cards-emental-physical.pdf  used on input line 70.
(pdftex.def)             Requested size: 794.96806pt x 614.29349pt.
<cards-emental-physical.pdf, id=78, page=1, 794.97pt x 614.295pt>
File: cards-emental-physical.pdf Graphic file (type pdf)
<use cards-emental-physical.pdf, page 1>
Package pdftex.def Info: cards-emental-physical.pdf , page1 used on input line 
70.
(pdftex.def)             Requested size: 794.96806pt x 614.29349pt.
File: cards-emental-physical.pdf Graphic file (type pdf)
<use cards-emental-physical.pdf, page 1>
Package pdftex.def Info: cards-emental-physical.pdf , page1 used on input line 
70.
(pdftex.def)             Requested size: 615.04005pt x 475.25821pt.
File: cards-emental-physical.pdf Graphic file (type pdf)
<use cards-emental-physical.pdf, page 1>
Package pdftex.def Info: cards-emental-physical.pdf , page1 used on input line 
70.
(pdftex.def)             Requested size: 615.04005pt x 475.25821pt.
File: cards-emental-physical.pdf Graphic file (type pdf)
<use cards-emental-physical.pdf, page 1>
Package pdftex.def Info: cards-emental-physical.pdf , page1 used on input line 
70.
(pdftex.def)             Requested size: 615.04005pt x 475.25821pt.


File: cards-emental-physical.pdf Graphic file (type pdf)
<use cards-emental-physical.pdf, page 1>
Package pdftex.def Info: cards-emental-physical.pdf , page1 used on input line 
70.
(pdftex.def)             Requested size: 615.04005pt x 475.25821pt.
[14

 <./cards-emental-physical.pdf>]
<cards-spiritual.pdf, id=90, 794.97pt x 614.295pt>
File: cards-spiritual.pdf Graphic file (type pdf)
<use cards-spiritual.pdf>
Package pdftex.def Info: cards-spiritual.pdf  used on input line 71.
(pdftex.def)             Requested size: 794.96806pt x 614.29349pt.
<cards-spiritual.pdf, id=92, page=1, 794.97pt x 614.295pt>
File: cards-spiritual.pdf Graphic file (type pdf)
<use cards-spiritual.pdf, page 1>
Package pdftex.def Info: cards-spiritual.pdf , page1 used on input line 71.
(pdftex.def)             Requested size: 794.96806pt x 614.29349pt.
File: cards-spiritual.pdf Graphic file (type pdf)
<use cards-spiritual.pdf, page 1>
Package pdftex.def Info: cards-spiritual.pdf , page1 used on input line 71.
(pdftex.def)             Requested size: 615.04005pt x 475.25821pt.
File: cards-spiritual.pdf Graphic file (type pdf)
<use cards-spiritual.pdf, page 1>
Package pdftex.def Info: cards-spiritual.pdf , page1 used on input line 71.
(pdftex.def)             Requested size: 615.04005pt x 475.25821pt.
File: cards-spiritual.pdf Graphic file (type pdf)
<use cards-spiritual.pdf, page 1>
Package pdftex.def Info: cards-spiritual.pdf , page1 used on input line 71.
(pdftex.def)             Requested size: 615.04005pt x 475.25821pt.


File: cards-spiritual.pdf Graphic file (type pdf)
<use cards-spiritual.pdf, page 1>
Package pdftex.def Info: cards-spiritual.pdf , page1 used on input line 71.
(pdftex.def)             Requested size: 615.04005pt x 475.25821pt.
[15

 <./cards-spiritual.pdf>]

[16

]
Chapter 5.


[17]

[18]

[19]

[20]

[21]

[22]

[23]

[24]

[25]
<four-story.pdf, id=368, 614.295pt x 794.97pt>
File: four-story.pdf Graphic file (type pdf)
<use four-story.pdf>
Package pdftex.def Info: four-story.pdf  used on input line 124.
(pdftex.def)             Requested size: 614.29349pt x 794.96806pt.
<four-story.pdf, id=370, page=1, 614.295pt x 794.97pt>
File: four-story.pdf Graphic file (type pdf)
<use four-story.pdf, page 1>
Package pdftex.def Info: four-story.pdf , page1 used on input line 124.
(pdftex.def)             Requested size: 614.29349pt x 794.96806pt.
File: four-story.pdf Graphic file (type pdf)
<use four-story.pdf, page 1>
Package pdftex.def Info: four-story.pdf , page1 used on input line 124.
(pdftex.def)             Requested size: 614.58406pt x 795.3441pt.


[26]
File: four-story.pdf Graphic file (type pdf)
<use four-story.pdf, page 1>
Package pdftex.def Info: four-story.pdf , page1 used on input line 124.
(pdftex.def)             Requested size: 614.58406pt x 795.3441pt.
File: four-story.pdf Graphic file (type pdf)
<use four-story.pdf, page 1>
Package pdftex.def Info: four-story.pdf , page1 used on input line 124.
(pdftex.def)             Requested size: 614.58406pt x 795.3441pt.


File: four-story.pdf Graphic file (type pdf)
<use four-story.pdf, page 1>
Package pdftex.def Info: four-story.pdf , page1 used on input line 124.
(pdftex.def)             Requested size: 614.58406pt x 795.3441pt.
[27

 <./four-story.pdf>]

[28

]
Chapter 6.


[29]

[30]

[31]

[32]

[33]

[34]
Chapter 7.


[35

]

[36]

[37]

[38]

[39]

[40]

[41]

[42]

[43]

[44]

[45]

[46]

[47]

[48]

[49]

[50

]
Chapter 8.


[51]

[52]

[53]

[54]
Chapter 9.


[55

]

[56

]
Chapter 10.


[57]

[58]

[59]

[60]

[61]

[62

]
Chapter 11.


[63]


Overfull \hbox (112.70929pt too wide) has occurred while \output is active
\OT1/cmr/m/n/12 64 \OT1/cmr/m/sl/12 CHAPTER 11.  SKIN THE LARGEST ORGAN IN THE 
BODY AND THE IMMUNE SYSTEM
 []

[64]

[65]


Overfull \hbox (112.70929pt too wide) has occurred while \output is active
\OT1/cmr/m/n/12 66 \OT1/cmr/m/sl/12 CHAPTER 11.  SKIN THE LARGEST ORGAN IN THE 
BODY AND THE IMMUNE SYSTEM
 []

[66]
Chapter 12.


[67

]

[68

]
Chapter 13.


[69]

[70

]
Chapter 14.


[71]
Overfull \hbox (4.72604pt too wide) in paragraph at lines 652--653
\OT1/cmr/m/n/12 PROGRESS OR VER-IFY ANY-THING HAV-ING TO DO WITH THE BORN
 []



[72]

[73]

[74]

[75]

[76

]
Chapter 15.


[77]

[78]

[79]

[80]

[81]

[82]

[83]

[84]

[85]

[86]

[87]

[88]
Chapter 16.

Overfull \hbox (9.13808pt too wide) in paragraph at lines 767--768
\OT1/cmr/m/n/12 can at-tain. It is my evo-lu-tion-ary right. I want to be-come 
con-scious...generated
 []



[89

]


Overfull \hbox (94.8657pt too wide) has occurred while \output is active
\OT1/cmr/m/n/12 90 \OT1/cmr/m/sl/12 CHAPTER 16.  PURGATORY - CONSCIENCE, UNDERS
TANDING, HELPING OTHERS
 []

[90

]
Chapter 17.


[91] (./chaps.aux)
 ***********
LaTeX2e <2024-11-01> patch level 2
L3 programming layer <2025-01-18>
 ***********
 ) 
Here is how much of TeX's memory you used:
 3219 strings out of 475178
 51207 string characters out of 5766540
 454558 words of memory out of 5000000
 26197 multiletter control sequences out of 15000+600000
 563781 words of font info for 52 fonts, out of 8000000 for 9000
 14 hyphenation exceptions out of 8191
 72i,17n,79p,3670b,430s stack positions out of 10000i,1000n,20000p,200000b,200000s
 </home/amnesia/.texlive2025/texmf-var/fonts/pk/ljfour/jknappen/ec/tcrm1200.6
00pk></usr/share/texlive/texmf-dist/fonts/type1/public/amsfonts/cm/cmbx12.pfb><
/usr/share/texlive/texmf-dist/fonts/type1/public/amsfonts/cm/cmr12.pfb></usr/sh
are/texlive/texmf-dist/fonts/type1/public/amsfonts/cm/cmsl12.pfb>
Output written on chaps.pdf (91 pages, 1296729 bytes).
PDF statistics:
 611 PDF objects out of 1000 (max. 8388607)
 394 compressed objects within 4 object streams
 0 named destinations out of 1000 (max. 500000)
 76 words of extra memory for PDF output out of 10000 (max. 10000000)

