\BOOKMARK [0][-]{chapter.1}{\376\377\000D\000e\000d\000i\000c\000a\000t\000i\000o\000n}{}% 1
\BOOKMARK [0][-]{chapter.2}{\376\377\000V\000e\000r\000i\000t\000a\000s\000\040\000V\000e\000r\000i\000f\000i\000c\000a\000t\000u\000r\000\040\000O\000m\000n\000i\000a\000\040\000V\000i\000n\000c\000i\000t}{}% 2
\BOOKMARK [0][-]{chapter.3}{\376\377\000A\000u\000t\000h\000o\000r\000s\000'\000\040\000N\000o\000t\000e}{}% 3
\BOOKMARK [0][-]{chapter.4}{\376\377\000P\000r\000o\000l\000o\000g\000o\000m\000e\000n\000o\000n}{}% 4
\BOOKMARK [0][-]{chapter.5}{\376\377\000D\000i\000a\000g\000r\000a\000m\000s}{}% 5
\BOOKMARK [0][-]{chapter.6}{\376\377\000T\000r\000a\000n\000s\000f\000o\000r\000m\000a\000t\000i\000o\000n}{}% 6
\BOOKMARK [0][-]{chapter.7}{\376\377\000G\000a\000m\000e\000s}{}% 7
\BOOKMARK [1][-]{section.7.1}{\376\377\000T\000h\000e\000\040\000B\000a\000s\000i\000c\000\040\000G\000a\000m\000e\000s}{chapter.7}% 8
\BOOKMARK [1][-]{section.7.2}{\376\377\000I\000n\000t\000e\000l\000l\000e\000c\000t\000u\000a\000l\000\040\000G\000a\000m\000e\000s}{chapter.7}% 9
\BOOKMARK [1][-]{section.7.3}{\376\377\000E\000m\000o\000t\000i\000o\000n\000a\000l\000\040\000G\000a\000m\000e\000s}{chapter.7}% 10
\BOOKMARK [1][-]{section.7.4}{\376\377\000L\000e\000a\000r\000n\000e\000d\000\040\000G\000a\000m\000e\000s}{chapter.7}% 11
\BOOKMARK [1][-]{section.7.5}{\376\377\000B\000o\000r\000n\000\040\000G\000a\000m\000e\000s}{chapter.7}% 12
\BOOKMARK [1][-]{section.7.6}{\376\377\000S\000e\000x\000u\000a\000l\000\040\000E\000n\000e\000r\000g\000y\000\040\000G\000a\000m\000e\000s}{chapter.7}% 13
\BOOKMARK [1][-]{section.7.7}{\376\377\000M\000i\000s\000c\000e\000l\000l\000a\000n\000e\000o\000u\000s\000\040\000G\000a\000m\000e\000s}{chapter.7}% 14
\BOOKMARK [1][-]{section.7.8}{\376\377\000S\000o\000n\000g\000\040\000G\000a\000m\000e\000s}{chapter.7}% 15
\BOOKMARK [0][-]{chapter.8}{\376\377\000S\000a\000y\000i\000n\000g\000s}{}% 16
\BOOKMARK [0][-]{chapter.9}{\376\377\000C\000r\000y\000s\000t\000a\000l\000\040\000V\000i\000s\000i\000o\000n}{}% 17
\BOOKMARK [0][-]{chapter.10}{\376\377\000T\000h\000e\000\040\000P\000e\000r\000f\000e\000c\000t\000\040\000D\000i\000e\000t\000\040\000a\000k\000a\000\040\000A\000n\000t\000i\000\040\000S\000A\000D\000\040\000F\000o\000o\000d\000\040\000D\000i\000e\000t}{}% 18
\BOOKMARK [0][-]{chapter.11}{\376\377\000S\000k\000i\000n\000\040\000t\000h\000e\000\040\000L\000a\000r\000g\000e\000s\000t\000\040\000O\000r\000g\000a\000n\000\040\000i\000n\000\040\000t\000h\000e\000\040\000B\000o\000d\000y\000\040\000a\000n\000d\000\040\000t\000h\000e\000\040\000I\000m\000m\000u\000n\000e\000\040\000s\000y\000s\000t\000e\000m}{}% 19
\BOOKMARK [0][-]{chapter.12}{\376\377\000E\000x\000e\000r\000c\000i\000s\000e}{}% 20
\BOOKMARK [0][-]{chapter.13}{\376\377\000D\000o\000c\000t\000o\000r\000\040\000D\000o\000c\000t\000o\000r\000\040}{}% 21
\BOOKMARK [0][-]{chapter.14}{\376\377\000O\000d\000d\000s\000\040\000a\000n\000d\000\040\000E\000n\000d\000s}{}% 22
\BOOKMARK [0][-]{chapter.15}{\376\377\000P\000r\000a\000y\000e\000r}{}% 23
\BOOKMARK [0][-]{chapter.16}{\376\377\000P\000u\000r\000g\000a\000t\000o\000r\000y\000\040\000-\000\040\000C\000o\000n\000s\000c\000i\000e\000n\000c\000e\000,\000\040\000U\000n\000d\000e\000r\000s\000t\000a\000n\000d\000i\000n\000g\000,\000\040\000H\000e\000l\000p\000i\000n\000g\000\040\000O\000t\000h\000e\000r\000s}{}% 24
\BOOKMARK [0][-]{chapter.17}{}{}% 25
